[2026-05-11T05:12:22.639Z] ==========================================
[2026-05-11T05:12:22.641Z]   HASH256 Multi-Core CPU Miner
[2026-05-11T05:12:22.641Z] ==========================================
[2026-05-11T05:12:22.641Z] Wallet      : 0x9f88119EBc98b3AD0154e99D7888ed5e2b6e060b
[2026-05-11T05:12:22.641Z] Contract    : 0xAC7b5d06fa1e77D08aea40d46cB7C5923A87A0cc
[2026-05-11T05:12:22.641Z] CPU Cores   : 128
[2026-05-11T05:12:22.641Z] Hash mode   : keccak native C
[2026-05-11T05:12:22.667Z] REPORT_EVERY: 1,000,000
[2026-05-11T05:12:22.667Z] Log file    : /workspace/hash256-cli/hashminer/miner.log
[2026-05-11T05:12:22.668Z] 
[2026-05-11T05:12:23.062Z] ------------------------------------------
[2026-05-11T05:12:23.063Z] Era        : 0
[2026-05-11T05:12:23.063Z] Reward     : 100.0 HASH
[2026-05-11T05:12:23.063Z] Difficulty : 26328072917139296674479506920917608079723773850137277813577744383
[2026-05-11T05:12:23.063Z] Epoch      : 250696 | Remaining: 17875300000000000000000000 blok
[2026-05-11T05:12:23.063Z] Challenge  : 0xed710cb00dcd859506ed87403bd1d4904018fb3db714c88379389c0184d3bddf
[2026-05-11T05:12:23.063Z] Session    : 0 mints | 0.00 GH | uptime 0.0 mnt
[2026-05-11T05:12:23.063Z] Mining dengan 128 core...
[2026-05-11T07:34:10.991Z] 
Stop. Mints: 0 | Peak: 0 H/s
